###############################################################################
#                                                                             #
# IAR ELF Linker V6.40.2.53884/W32 for ARM              21/Jun/2013  01:50:44 #
# Copyright 2007-2012 IAR Systems AB.                                         #
#                                                                             #
#    Output file  =  C:\Git\LM4F120\LightSensor\06.dbg\Exe\cpp.out            #
#    Map file     =  C:\Git\LM4F120\LightSensor\06.dbg\List\cpp.map           #
#    Command line =  C:\Git\LM4F120\LightSensor\03.lib\driverlib-cm4f.a       #
#                    C:\Git\LM4F120\LightSensor\06.dbg\Obj\LedMatrix.o        #
#                    C:\Git\LM4F120\LightSensor\06.dbg\Obj\buttons.o          #
#                    C:\Git\LM4F120\LightSensor\06.dbg\Obj\lightSensor.o      #
#                    C:\Git\LM4F120\LightSensor\06.dbg\Obj\main.o             #
#                    C:\Git\LM4F120\LightSensor\06.dbg\Obj\startup_ewarm.o    #
#                    C:\Git\LM4F120\LightSensor\06.dbg\Obj\system.o -o        #
#                    C:\Git\LM4F120\LightSensor\06.dbg\Exe\cpp.out            #
#                    --redirect _Printf=_PrintfFull --redirect                #
#                    _Scanf=_ScanfFull --map C:\Git\LM4F120\LightSensor\06.db #
#                    g\List\cpp.map --config "C:\Program Files\IAR            #
#                    Systems\Embedded Workbench 6.4\arm\config\linker\TexasIn #
#                    struments\LM4F120H5QR.icf" --semihosting --entry         #
#                    __iar_program_start --vfe                                #
#                                                                             #
#                                                                             #
###############################################################################

*******************************************************************************
*** RUNTIME MODEL ATTRIBUTES
***

CppFlavor       = *
__SystemLibrary = DLib


*******************************************************************************
*** PLACEMENT SUMMARY
***

"A1":  place at 0x00000000 { ro section .intvec };
"P1":  place in [from 0x00000000 to 0x0003ffff] { ro };
"P2":  place in [from 0x20000000 to 0x20007fff] { rw, block CSTACK, block HEAP };

  Section            Kind        Address   Size  Object
  -------            ----        -------   ----  ------
"A1":                                     0x26c
  .intvec            const    0x00000000  0x26c  startup_ewarm.o [1]
                            - 0x0000026c  0x26c

"P1":                                     0x9bc
  .text              ro code  0x0000026c  0x240  sysctl.o [4]
  .text              ro code  0x000004ac  0x10c  LedMatrix.o [1]
  .text              ro code  0x000005b8   0xe4  gpio.o [4]
  .text              ro code  0x0000069c   0x14  memset.o [3]
  .text              ro code  0x000006b0   0x66  ABImemset.o [6]
  .text              ro code  0x00000716   0x2e  copy_init3.o [6]
  .text              ro code  0x00000744  0x100  lightSensor.o [1]
  .text              ro code  0x00000844   0x44  adc.o [4]
  .text              ro code  0x00000888   0xac  interrupt.o [4]
  .text              ro code  0x00000934    0x8  cpu.o [4]
  .text              ro code  0x0000093c   0xcc  main.o [1]
  .text              ro code  0x00000a08   0xb4  buttons.o [1]
  .text              ro code  0x00000abc   0x60  system.o [1]
  .text              ro code  0x00000b1c   0x28  data_init3.o [6]
  .text              ro code  0x00000b44   0x22  startup_ewarm.o [1]
  .text              ro code  0x00000b66    0xc  cstartup_M.o [6]
  .text              ro code  0x00000b72   0x22  zero_init3.o [6]
  .text              ro code  0x00000b94   0x1a  fpinit_M.o [5]
  .text              ro code  0x00000bb0   0x16  cmain.o [6]
  .text              ro code  0x00000bc6    0x4  low_level_init.o [3]
  .text              ro code  0x00000bca    0x4  exit.o [3]
  .text              ro code  0x00000bd0    0xa  cexit.o [6]
  .text              ro code  0x00000bdc   0x14  exit.o [7]
  .iar.init_table    const    0x00000bf0   0x24  - Linker created -
  .rodata            const    0x00000c14    0x0  zero_init3.o [6]
  .rodata            const    0x00000c14    0x0  copy_init3.o [6]
  Initializer bytes  ro data  0x00000c14   0x14  <for P2 s0>
                            - 0x00000c28  0x9bc

"P2", part 1 of 3:                        0x400
  P2 s0                       0x20000000   0x14  <Init block>
    .data            inited   0x20000000   0x10  LedMatrix.o [1]
    .data            inited   0x20000010    0x3  buttons.o [1]
                            - 0x20000014   0x14

"P2", part 2 of 3:                        0x290
  VTABLE             zero     0x20000400  0x26c  interrupt.o [4]
  .bss               zero     0x2000066c    0xc  LedMatrix.o [1]
  .bss               zero     0x20000678    0xc  lightSensor.o [1]
  .bss               zero     0x20000684    0x8  main.o [1]
  .bss               zero     0x2000068c    0x4  main.o [1]
                            - 0x20000690  0x290

"P2", part 3 of 3:                        0x200
  .noinit            uninit   0x20000690  0x200  startup_ewarm.o [1]
                            - 0x20000890  0x200


*******************************************************************************
*** INIT TABLE
***

          Address     Size
          -------     ----
Zero (__iar_zero_init3)
    1 destination range, total size 0x290:
          0x20000400  0x290

Copy (__iar_copy_init3)
    1 source range, total size 0x14 (105% of destination):
          0x00000c14   0x14
    1 destination range, total size 0x13:
          0x20000000   0x13



*******************************************************************************
*** MODULE SUMMARY
***

    Module            ro code  ro data  rw data
    ------            -------  -------  -------
C:\Git\LM4F120\LightSensor\06.dbg\Obj: [1]
    LedMatrix.o           268       16       28
    buttons.o             180        3        3
    lightSensor.o         256                12
    main.o                204                12
    startup_ewarm.o        34      620      512
    system.o               96
    -------------------------------------------
    Total:              1 038      639      567

command line: [2]
    -------------------------------------------
    Total:

dl7M_tln.a: [3]
    exit.o                  4
    low_level_init.o        4
    memset.o               20
    -------------------------------------------
    Total:                 28

driverlib-cm4f.a: [4]
    adc.o                  68
    cpu.o                   8
    gpio.o                228
    interrupt.o           172               620
    sysctl.o              576
    -------------------------------------------
    Total:              1 052               620

m7M_tlv.a: [5]
    fpinit_M.o             26
    -------------------------------------------
    Total:                 26

rt7M_tl.a: [6]
    ABImemset.o           102
    cexit.o                10
    cmain.o                22
    copy_init3.o           46
    cstartup_M.o           12
    data_init3.o           40
    zero_init3.o           34
    -------------------------------------------
    Total:                266

shb_l.a: [7]
    exit.o                 20
    -------------------------------------------
    Total:                 20

    Gaps                    6
    Linker created                  37
-----------------------------------------------
    Grand Total:        2 436      676    1 187


*******************************************************************************
*** ENTRY LIST
***

Entry                     Address   Size  Type      Object
-----                     -------   ----  ----      ------
?main                  0x00000bb1         Code  Gb  cmain.o [6]
ADCIntRegister         0x00000845   0x22  Code  Gb  adc.o [4]
ADCSequenceDataGet     0x00000867   0x1e  Code  Gb  adc.o [4]
ButtonHandler          0x0000093d   0x68  Code  Gb  main.o [1]
ButtonsInit            0x00000a5b   0x4a  Code  Gb  buttons.o [1]
ButtonsPoll            0x00000a09   0x52  Code  Gb  buttons.o [1]
CPUcpsie               0x00000935    0x8  Code  Gb  cpu.o [4]
CalibrateIntensity     0x00000809   0x24  Code  Gb  lightSensor.o [1]
DIGI_FRONT             0x000005ac    0xc  Data  Gb  LedMatrix.o [1]
FaultISR               0x00000b63    0x2  Code  Lc  startup_ewarm.o [1]
GPIODirModeSet         0x000005b9   0x28  Code  Gb  gpio.o [4]
GPIOPadConfigSet       0x000005e1   0x98  Code  Gb  gpio.o [4]
GPIOPinTypeGPIOOutput  0x00000679    0xa  Code  Gb  gpio.o [4]
GPIOPinTypeGPIOOutputOD
                       0x00000683    0x8  Code  Gb  gpio.o [4]
GetLightIntensity      0x000007e5   0x24  Code  Gb  lightSensor.o [1]
IntDefaultHandler      0x00000b65    0x2  Code  Lc  startup_ewarm.o [1]
IntEnable              0x000008b9   0x58  Code  Gb  interrupt.o [4]
IntMasterEnable        0x00000889    0xa  Code  Gb  interrupt.o [4]
IntRegister            0x00000893   0x26  Code  Gb  interrupt.o [4]
IntenDiff              0x2000067c    0x2  Data  Gb  lightSensor.o [1]
IntensityMax           0x2000067a    0x2  Data  Gb  lightSensor.o [1]
IntensityMin           0x20000678    0x2  Data  Gb  lightSensor.o [1]
LED_COM_PIN            0x20000000    0x8  Data  Gb  LedMatrix.o [1]
LED_COM_PORT           0x20000008    0x8  Data  Gb  LedMatrix.o [1]
LedControl             0x2000066c    0x4  Data  Gb  LedMatrix.o [1]
LedInit                0x000004d7   0x28  Code  Gb  LedMatrix.o [1]
LedProcess             0x00000551    0x2  Code  Gb  LedMatrix.o [1]
LedSeg7Write           0x000004ad   0x2a  Code  Gb  LedMatrix.o [1]
LightIntensityValue    0x20000680    0x4  Data  Gb  lightSensor.o [1]
LightSensorInit        0x00000775   0x64  Code  Gb  lightSensor.o [1]
LightSensorIntHandler  0x00000745   0x30  Code  Gb  lightSensor.o [1]
NmiSR                  0x00000b61    0x2  Code  Lc  startup_ewarm.o [1]
Region$$Table$$Base    0x00000bf0          --   Gb  - Linker created -
Region$$Table$$Limit   0x00000c14          --   Gb  - Linker created -
ResetISR               0x00000b45   0x18  Code  Gb  startup_ewarm.o [1]
Seg7                   0x000004ff   0x52  Code  Gb  LedMatrix.o [1]
Seg7Ram                0x20000670    0x8  Data  Gb  LedMatrix.o [1]
StartLightSensor       0x000007d9    0xc  Code  Gb  lightSensor.o [1]
SysCtlClockGet         0x0000026d  0x1a0  Code  Gb  sysctl.o [4]
SysTickHanlder         0x00000abd    0x4  Code  Gb  system.o [1]
SystemInit             0x00000ac1   0x20  Code  Gb  system.o [1]
SystemTickInit         0x00000ae1   0x26  Code  Gb  system.o [1]
TestSystick            0x000009a5   0x34  Code  Gb  main.o [1]
Timebase               0x2000068c    0x4  Data  Gb  main.o [1]
Write7SegRam           0x00000553   0x42  Code  Gb  LedMatrix.o [1]
__aeabi_memset         0x000006b1         Code  Gb  ABImemset.o [6]
__cmain                0x00000bb1         Code  Gb  cmain.o [6]
__exit                 0x00000bdd   0x14  Code  Gb  exit.o [7]
__iar_Memset           0x000006b1         Code  Gb  ABImemset.o [6]
__iar_Memset_word      0x000006b9         Code  Gb  ABImemset.o [6]
__iar_copy_init3       0x00000717   0x2e  Code  Gb  copy_init3.o [6]
__iar_data_init3       0x00000b1d   0x28  Code  Gb  data_init3.o [6]
__iar_init_vfp         0x00000b95         Code  Gb  fpinit_M.o [5]
__iar_program_start    0x00000b67         Code  Gb  cstartup_M.o [6]
__iar_zero_init3       0x00000b73   0x22  Code  Gb  zero_init3.o [6]
__low_level_init       0x00000bc7    0x4  Code  Gb  low_level_init.o [3]
__vector_table         0x00000000  0x26c  Data  Gb  startup_ewarm.o [1]
_call_main             0x00000bbd         Code  Gb  cmain.o [6]
_exit                  0x00000bd1         Code  Gb  cexit.o [6]
_main                  0x00000bc3         Code  Gb  cmain.o [6]
exit                   0x00000bcb    0x4  Code  Gb  exit.o [3]
g_pfnRAMVectors        0x20000400  0x26c  Data  Lc  interrupt.o [4]
g_pulEnRegs            0x00000920   0x14  Data  Lc  interrupt.o [4]
g_pulXtals             0x00000440   0x6c  Data  Lc  sysctl.o [4]
g_ucButtonStates       0x20000010    0x1  Data  Lc  buttons.o [1]
main                   0x000009d9   0x24  Code  Gb  main.o [1]
memset                 0x0000069d   0x14  Code  Gb  memset.o [3]
pulStack               0x20000690  0x200  Data  Lc  startup_ewarm.o [1]
ulButtons              0x20000684    0x4  Data  Gb  main.o [1]


[1] = C:\Git\LM4F120\LightSensor\06.dbg\Obj
[2] = command line
[3] = dl7M_tln.a
[4] = driverlib-cm4f.a
[5] = m7M_tlv.a
[6] = rt7M_tl.a
[7] = shb_l.a

  2 436 bytes of readonly  code memory
    676 bytes of readonly  data memory
  1 187 bytes of readwrite data memory

Errors: none
Warnings: none
