###############################################################################
#                                                                             #
# IAR ELF Linker V6.40.2.53884/W32 for ARM              26/Jun/2013  15:44:12 #
# Copyright 2007-2012 IAR Systems AB.                                         #
#                                                                             #
#    Output file  =  C:\Git\LM4F120\LCD TFT\06.dbg\Exe\c.out                  #
#    Map file     =  C:\Git\LM4F120\LCD TFT\06.dbg\c.map                      #
#    Command line =  "C:\Git\LM4F120\LCD TFT\03.lib\driverlib-cm4f.a"         #
#                    "C:\Git\LM4F120\LCD TFT\06.dbg\Obj\I80_Interface.o"      #
#                    "C:\Git\LM4F120\LCD TFT\06.dbg\Obj\main.o" -o            #
#                    "C:\Git\LM4F120\LCD TFT\06.dbg\Exe\c.out" --redirect     #
#                    _Printf=_PrintfFull --redirect _Scanf=_ScanfFull --map   #
#                    "C:\Git\LM4F120\LCD TFT\06.dbg\c.map" --config           #
#                    "C:\Program Files\IAR Systems\Embedded Workbench         #
#                    6.4\arm\config\linker\TexasInstruments\LM4F120H5QR.icf"  #
#                    --semihosting --entry __iar_program_start --vfe          #
#                                                                             #
#                                                                             #
###############################################################################

*******************************************************************************
*** RUNTIME MODEL ATTRIBUTES
***

CppFlavor       = *
__Heap_Handler  = DLMalloc
__SystemLibrary = DLib


*******************************************************************************
*** PLACEMENT SUMMARY
***

"A1":  place at 0x00000000 { ro section .intvec };
"P1":  place in [from 0x00000000 to 0x0003ffff] { ro };
"P2":  place in [from 0x20000000 to 0x20007fff] { rw, block CSTACK, block HEAP };

  Section            Kind        Address    Size  Object
  -------            ----        -------    ----  ------
"A1":                                       0x40
  .intvec            ro code  0x00000000    0x40  vector_table_M.o [5]
                            - 0x00000040    0x40

"P1":                                     0x1a50
  .text              ro code  0x00000040  0x13c4  dlmalloc.o [3]
  .text              ro code  0x00001404     0x6  abort.o [3]
  .text              ro code  0x0000140a    0x2e  copy_init3.o [5]
  .text              ro code  0x00001438    0x28  xgetmemchunk.o [3]
  .text              ro code  0x00001460    0x14  exit.o [6]
  .text              ro code  0x00001474   0x2f2  I80_Interface.o [1]
  .text              ro code  0x00001766    0x14  I80_Interface.o [1]
  .text              ro code  0x0000177a    0x22  zero_init3.o [5]
  .text              ro code  0x0000179c    0x66  ABImemset.o [5]
  .text              ro code  0x00001802     0x2  vector_table_M.o [5]
  .text              ro code  0x00001804    0xec  main.o [1]
  .text              ro code  0x000018f0     0xe  main.o [1]
  .text              ro code  0x00001900     0x6  ABImemclr4.o [5]
  .text              ro code  0x00001908    0x76  ABImemcpy.o [5]
  .text              ro code  0x00001980    0x32  ABImemset48.o [5]
  .text              ro code  0x000019b4    0x28  data_init3.o [5]
  .iar.init_table    const    0x000019dc    0x24  - Linker created -
  .text              ro code  0x00001a00    0x1a  fpinit_M.o [4]
  .text              ro code  0x00001a1c    0x16  cmain.o [5]
  .text              ro code  0x00001a32     0x4  low_level_init.o [3]
  .text              ro code  0x00001a36     0x4  exit.o [3]
  .text              ro code  0x00001a3c     0xa  cexit.o [5]
  .text              ro code  0x00001a46     0xc  cstartup_M.o [5]
  .rodata            const    0x00001a52     0x0  zero_init3.o [5]
  .rodata            const    0x00001a52     0x0  copy_init3.o [5]
  Initializer bytes  ro data  0x00001a54    0x3c  <for P2 s0>
                            - 0x00001a90  0x1a50

"P2", part 1 of 3:                          0x3c
  P2 s0                       0x20000000    0x3c  <Init block>
    .data            inited   0x20000000    0x20  I80_Interface.o [1]
    .data            inited   0x20000020     0xc  main.o [1]
    .data            inited   0x2000002c     0x8  main.o [1]
    .data            inited   0x20000034     0x4  I80_Interface.o [1]
    .data            inited   0x20000038     0x4  I80_Interface.o [1]
                            - 0x2000003c    0x3c

"P2", part 2 of 3:                         0x21c
  .bss               zero     0x2000003c   0x1d4  dlmalloc.o [3]
  .bss               zero     0x20000210    0x18  dlmalloc.o [3]
  .bss               zero     0x20000228     0xc  main.o [1]
  .bss               zero     0x20000234     0xc  main.o [1]
  .bss               zero     0x20000240     0x8  I80_Interface.o [1]
  .bss               zero     0x20000248     0x8  main.o [1]
  .bss               zero     0x20000250     0x4  xgetmemchunk.o [3]
  .bss               zero     0x20000254     0x1  main.o [1]
  .bss               zero     0x20000255     0x1  main.o [1]
                            - 0x20000256   0x21a

"P2", part 3 of 3:                        0x2800
  HEAP                        0x20000258  0x2000  <Block>
    HEAP             uninit   0x20000258  0x2000  <Block tail>
  CSTACK                      0x20002258   0x800  <Block>
    CSTACK           uninit   0x20002258   0x800  <Block tail>
                            - 0x20002a58  0x2800


*******************************************************************************
*** INIT TABLE
***

          Address     Size
          -------     ----
Zero (__iar_zero_init3)
    1 destination range, total size 0x21a:
          0x2000003c  0x21a

Copy (__iar_copy_init3)
    1 source range, total size 0x3c:
          0x00001a54   0x3c
    1 destination range, total size 0x3c:
          0x20000000   0x3c



*******************************************************************************
*** MODULE SUMMARY
***

    Module            ro code  ro data  rw data
    ------            -------  -------  -------
C:\Git\LM4F120\LCD TFT\06.dbg\Obj: [1]
    I80_Interface.o       774       40       48
    main.o                250       20       54
    -------------------------------------------
    Total:              1 024       60      102

command line: [2]
    -------------------------------------------
    Total:

dl7M_tln.a: [3]
    abort.o                 6
    dlmalloc.o          5 060               492
    exit.o                  4
    low_level_init.o        4
    xgetmemchunk.o         40                 4
    -------------------------------------------
    Total:              5 114               496

m7M_tlv.a: [4]
    fpinit_M.o             26
    -------------------------------------------
    Total:                 26

rt7M_tl.a: [5]
    ABImemclr4.o            6
    ABImemcpy.o           118
    ABImemset.o           102
    ABImemset48.o          50
    cexit.o                10
    cmain.o                22
    copy_init3.o           46
    cstartup_M.o           12
    data_init3.o           40
    vector_table_M.o       66
    zero_init3.o           34
    -------------------------------------------
    Total:                506

shb_l.a: [6]
    exit.o                 20
    -------------------------------------------
    Total:                 20

    Gaps                   12
    Linker created                  38   10 240
-----------------------------------------------
    Grand Total:        6 702       98   10 838


*******************************************************************************
*** ENTRY LIST
***

Entry                      Address   Size  Type      Object
-----                      -------   ----  ----      ------
?main                   0x00001a1d         Code  Gb  cmain.o [5]
BusFault_Handler        0x00001803         Code  Wk  vector_table_M.o [5]
CSTACK$$Base            0x20002258          --   Gb  - Linker created -
CSTACK$$Limit           0x20002a58          --   Gb  - Linker created -
DebugMon_Handler        0x00001803         Code  Wk  vector_table_M.o [5]
HEAP$$Base              0x20000258          --   Gb  - Linker created -
HEAP$$Limit             0x20002258          --   Gb  - Linker created -
HardFault_Handler       0x00001803         Code  Wk  vector_table_M.o [5]
I80Init                 0x00001475   0x4c  Code  Gb  I80_Interface.o [1]
I80Request              0x000014cd   0xf2  Code  Gb  I80_Interface.o [1]
I80Tick                 0x000016f1   0x5e  Code  Gb  I80_Interface.o [1]
IOPortDump              0x00001761    0x2  Code  Gb  I80_Interface.o [1]
MemManage_Handler       0x00001803         Code  Wk  vector_table_M.o [5]
NMI_Handler             0x00001803         Code  Wk  vector_table_M.o [5]
PendSV_Handler          0x00001803         Code  Wk  vector_table_M.o [5]
PortDump                0x00001763    0x2  Code  Gb  I80_Interface.o [1]
PortOp                  0x0000183d   0x4e  Code  Gb  main.o [1]
ReadData                0x000016a5   0x4c  Code  Gb  I80_Interface.o [1]
ReadIns                 0x00001659   0x4c  Code  Gb  I80_Interface.o [1]
Region$$Table$$Base     0x000019dc          --   Gb  - Linker created -
Region$$Table$$Limit    0x00001a00          --   Gb  - Linker created -
RegisterTaskReadCb      0x000014c7    0x6  Code  Gb  I80_Interface.o [1]
RegisterTaskWriteCb     0x000014c1    0x6  Code  Gb  I80_Interface.o [1]
SVC_Handler             0x00001803         Code  Wk  vector_table_M.o [5]
SysTick_Handler         0x00001803         Code  Wk  vector_table_M.o [5]
TaskEndCallBackDefault  0x00001765    0x2  Code  Gb  I80_Interface.o [1]
TaskReadHandler         0x0000181b   0x22  Code  Gb  main.o [1]
TaskWriteHandler        0x00001805   0x16  Code  Gb  main.o [1]
UsageFault_Handler      0x00001803         Code  Wk  vector_table_M.o [5]
WriteData               0x0000160d   0x4c  Code  Gb  I80_Interface.o [1]
WriteIns                0x000015c1   0x4c  Code  Gb  I80_Interface.o [1]
__aeabi_memclr4         0x00001901         Code  Gb  ABImemclr4.o [5]
__aeabi_memcpy          0x00001909         Code  Gb  ABImemcpy.o [5]
__aeabi_memcpy4         0x00001929         Code  Gb  ABImemcpy.o [5]
__aeabi_memcpy8         0x00001929         Code  Gb  ABImemcpy.o [5]
__aeabi_memset          0x0000179d         Code  Gb  ABImemset.o [5]
__cmain                 0x00001a1d         Code  Gb  cmain.o [5]
__data_GetMemChunk      0x00001439   0x28  Code  Gb  xgetmemchunk.o [3]
__exit                  0x00001461   0x14  Code  Gb  exit.o [6]
__iar_Memset            0x0000179d         Code  Gb  ABImemset.o [5]
__iar_Memset4_word      0x00001981         Code  Gb  ABImemset48.o [5]
__iar_Memset8_word      0x00001981         Code  Gb  ABImemset48.o [5]
__iar_Memset_word       0x000017a5         Code  Gb  ABImemset.o [5]
__iar_copy_init3        0x0000140b   0x2e  Code  Gb  copy_init3.o [5]
__iar_data_init3        0x000019b5   0x28  Code  Gb  data_init3.o [5]
__iar_dlfree            0x00000f15  0x4e8  Code  Gb  dlmalloc.o [3]
__iar_dlmalloc          0x00000c7d  0x298  Code  Gb  dlmalloc.o [3]
__iar_init_vfp          0x00001a01         Code  Gb  fpinit_M.o [4]
__iar_program_start     0x00001a47         Code  Gb  cstartup_M.o [5]
__iar_zero_init3        0x0000177b   0x22  Code  Gb  zero_init3.o [5]
__low_level_init        0x00001a33    0x4  Code  Gb  low_level_init.o [3]
__vector_table          0x00000000         Data  Gb  vector_table_M.o [5]
_call_main              0x00001a29         Code  Gb  cmain.o [5]
_exit                   0x00001a3d         Code  Gb  cexit.o [5]
_gm_                    0x2000003c  0x1d4  Data  Lc  dlmalloc.o [3]
_main                   0x00001a2f         Code  Gb  cmain.o [5]
abort                   0x00001405    0x6  Code  Gb  abort.o [3]
add_segment             0x000003c1  0x1f8  Code  Lc  dlmalloc.o [3]
exit                    0x00001a37    0x4  Code  Gb  exit.o [3]
i80TaskControl          0x20000240    0x8  Data  Gb  I80_Interface.o [1]
iOMap                   0x20000000   0x20  Data  Gb  I80_Interface.o [1]
init_mparams            0x00000041   0x34  Code  Lc  dlmalloc.o [3]
init_top                0x00000075   0x34  Code  Lc  dlmalloc.o [3]
main                    0x0000188b   0x3e  Code  Gb  main.o [1]
memcpy                  0x000018f1    0xe  Code  Gb  main.o [1]
memset                  0x00001767   0x14  Code  Gb  I80_Interface.o [1]
mparams                 0x20000210   0x18  Data  Lc  dlmalloc.o [3]
prepend_alloc           0x000000a9  0x318  Code  Lc  dlmalloc.o [3]
rT                      0x20000234    0xc  Data  Gb  main.o [1]
readBuffer              0x20000228    0xc  Data  Gb  main.o [1]
readData                0x20000020    0xc  Data  Gb  main.o [1]
readP                   0x20000255    0x1  Data  Gb  main.o [1]
sys_alloc               0x000005bf  0x13c  Code  Lc  dlmalloc.o [3]
taskReadCallBack        0x20000034    0x4  Data  Gb  I80_Interface.o [1]
taskWriteCallBack       0x20000038    0x4  Data  Gb  I80_Interface.o [1]
tmalloc_large           0x000006fb  0x376  Code  Lc  dlmalloc.o [3]
tmalloc_small           0x00000a71  0x1f8  Code  Lc  dlmalloc.o [3]
writeBuffer             0x20000248    0x8  Data  Gb  main.o [1]
writeData               0x2000002c    0x8  Data  Gb  main.o [1]
writeP                  0x20000254    0x1  Data  Gb  main.o [1]


[1] = C:\Git\LM4F120\LCD TFT\06.dbg\Obj
[2] = command line
[3] = dl7M_tln.a
[4] = m7M_tlv.a
[5] = rt7M_tl.a
[6] = shb_l.a

   6 702 bytes of readonly  code memory
      98 bytes of readonly  data memory
  10 838 bytes of readwrite data memory

Errors: none
Warnings: none
